http://d3dworks.narod.ru/textures/Rock/original/img09.jpg
http://d3dworks.narod.ru/textures/Rock/original/img08.jpg
http://d3dworks.narod.ru/textures/Rock/original/img07.jpg
http://d3dworks.narod.ru/textures/Rock/original/img06.jpg
http://d3dworks.narod.ru/textures/Rock/original/img055.jpg
http://d3dworks.narod.ru/textures/Rock/original/img054.jpg
http://d3dworks.narod.ru/textures/Rock/original/img053.jpg
http://d3dworks.narod.ru/textures/Rock/original/img052.jpg
http://d3dworks.narod.ru/textures/Rock/original/img051.jpg
http://d3dworks.narod.ru/textures/Rock/original/img050.jpg
http://d3dworks.narod.ru/textures/Rock/original/img05.jpg
http://d3dworks.narod.ru/textures/Rock/original/img049.jpg
http://d3dworks.narod.ru/textures/Rock/original/img048.jpg
http://d3dworks.narod.ru/textures/Rock/original/img047.jpg
http://d3dworks.narod.ru/textures/Rock/original/img046.jpg
http://d3dworks.narod.ru/textures/Rock/original/img045.jpg
http://d3dworks.narod.ru/textures/Rock/original/img044.jpg
http://d3dworks.narod.ru/textures/Rock/original/img043.jpg
http://d3dworks.narod.ru/textures/Rock/original/img042.jpg
http://d3dworks.narod.ru/textures/Rock/original/img041.jpg
http://d3dworks.narod.ru/textures/Rock/original/img040.jpg
http://d3dworks.narod.ru/textures/Rock/original/img04.jpg
http://d3dworks.narod.ru/textures/Rock/original/img039.jpg
http://d3dworks.narod.ru/textures/Rock/original/img038.jpg
http://d3dworks.narod.ru/textures/Rock/original/img037.jpg
http://d3dworks.narod.ru/textures/Rock/original/img036.jpg
http://d3dworks.narod.ru/textures/Rock/original/img035.jpg
http://d3dworks.narod.ru/textures/Rock/original/img034.jpg
http://d3dworks.narod.ru/textures/Rock/original/img033.jpg
http://d3dworks.narod.ru/textures/Rock/original/img032.jpg
