http://d3dworks.narod.ru/textures/Animal/original/animal_patterns_1.jpg
http://d3dworks.narod.ru/textures/Animal/original/animal_patterns_10.jpg
http://d3dworks.narod.ru/textures/Animal/original/animal_patterns_100.jpg
http://d3dworks.narod.ru/textures/Animal/original/animal_patterns_11.jpg
http://d3dworks.narod.ru/textures/Animal/original/animal_patterns_12.jpg
http://d3dworks.narod.ru/textures/Animal/original/animal_patterns_13.jpg
http://d3dworks.narod.ru/textures/Animal/original/animal_patterns_15.jpg
http://d3dworks.narod.ru/textures/Animal/original/animal_patterns_16.jpg
http://d3dworks.narod.ru/textures/Animal/original/animal_patterns_17.jpg
http://d3dworks.narod.ru/textures/Animal/original/animal_patterns_18.jpg
http://d3dworks.narod.ru/textures/Animal/original/animal_patterns_2.jpg
http://d3dworks.narod.ru/textures/Animal/original/animal_patterns_20.jpg
http://d3dworks.narod.ru/textures/Animal/original/animal_patterns_21.jpg
http://d3dworks.narod.ru/textures/Animal/original/animal_patterns_22.jpg
http://d3dworks.narod.ru/textures/Animal/original/animal_patterns_23.jpg
http://d3dworks.narod.ru/textures/Animal/original/animal_patterns_24.jpg
http://d3dworks.narod.ru/textures/Animal/original/animal_patterns_25.jpg
http://d3dworks.narod.ru/textures/Animal/original/animal_patterns_26.jpg
http://d3dworks.narod.ru/textures/Animal/original/animal_patterns_27.jpg
http://d3dworks.narod.ru/textures/Animal/original/animal_patterns_28.jpg
http://d3dworks.narod.ru/textures/Animal/original/animal_patterns_29.jpg
http://d3dworks.narod.ru/textures/Animal/original/animal_patterns_3.jpg
http://d3dworks.narod.ru/textures/Animal/original/animal_patterns_30.jpg
http://d3dworks.narod.ru/textures/Animal/original/animal_patterns_31.jpg
http://d3dworks.narod.ru/textures/Animal/original/animal_patterns_32.jpg
http://d3dworks.narod.ru/textures/Animal/original/animal_patterns_33.jpg
http://d3dworks.narod.ru/textures/Animal/original/animal_patterns_34.jpg
http://d3dworks.narod.ru/textures/Animal/original/animal_patterns_35.jpg
http://d3dworks.narod.ru/textures/Animal/original/animal_patterns_36.jpg
http://d3dworks.narod.ru/textures/Animal/original/animal_patterns_37.jpg
http://d3dworks.narod.ru/textures/Animal/original/animal_patterns_38.jpg
http://d3dworks.narod.ru/textures/Animal/original/animal_patterns_39.jpg
http://d3dworks.narod.ru/textures/Animal/original/animal_patterns_4.jpg
http://d3dworks.narod.ru/textures/Animal/original/animal_patterns_40.jpg
http://d3dworks.narod.ru/textures/Animal/original/animal_patterns_41.jpg
http://d3dworks.narod.ru/textures/Animal/original/animal_patterns_42.jpg
http://d3dworks.narod.ru/textures/Animal/original/animal_patterns_43.jpg
http://d3dworks.narod.ru/textures/Animal/original/animal_patterns_44.jpg
http://d3dworks.narod.ru/textures/Animal/original/animal_patterns_45.jpg
http://d3dworks.narod.ru/textures/Animal/original/animal_patterns_46.jpg
http://d3dworks.narod.ru/textures/Animal/original/animal_patterns_47.jpg
http://d3dworks.narod.ru/textures/Animal/original/animal_patterns_48.jpg
http://d3dworks.narod.ru/textures/Animal/original/animal_patterns_49.jpg
http://d3dworks.narod.ru/textures/Animal/original/animal_patterns_5.jpg
http://d3dworks.narod.ru/textures/Animal/original/animal_patterns_50.jpg
http://d3dworks.narod.ru/textures/Animal/original/animal_patterns_51.jpg
http://d3dworks.narod.ru/textures/Animal/original/animal_patterns_52.jpg
http://d3dworks.narod.ru/textures/Animal/original/animal_patterns_53.jpg
http://d3dworks.narod.ru/textures/Animal/original/animal_patterns_54.jpg
